Hello from ActionEngine test
This is working!